// Jest Snapshot v1, https://goo.gl/fbAQLP

exports[`Result should render correctly and match to the Snapshot 1`] = `
<div
  className="flex flex-col h-screen container mx-auto justify-center"
>
  <div
    className="fade-in min-h-full flex items-center justify-center py-12 px-4 sm:px-6 lg:px-8"
  >
    <div
      className="w-32 absolute top-10 right-10"
    >
      <button
        className="group relative w-full flex justify-center py-2 px-4 border border-transparent text-sm font-medium rounded-md text-white bg-indigo-600 hover:bg-indigo-700 focus:outline-none focus:ring-2 focus:ring-offset-2 focus:ring-indigo-500"
      >
        logout
      </button>
    </div>
  </div>
</div>
`;
