// Jest Snapshot v1, https://goo.gl/fbAQLP

exports[`ResultBlock should render correctly and match to the Snapshot 1`] = `null`;
