// Jest Snapshot v1, https://goo.gl/fbAQLP

exports[`LoginBlock should render correctly and match to the Snapshot 1`] = `
<div
  className="max-w-md w-full space-y-8"
>
  <p
    className="mt-6 text-center text-3xl font-extrabold text-gray-900"
  >
    üè†
  </p>
  <p
    className="mt-6 text-center text-3xl font-extrabold text-gray-900"
  >
    Homework - Sign in
  </p>
  <form
    action="#"
    className="mt-8 space-y-6"
    method="POST"
    onSubmit={[Function]}
  >
    <input
      name="remember"
      type="hidden"
      value="true"
    />
    <div
      className="rounded-md shadow-sm -space-y-px"
    >
      <label
        className="sr-only"
        htmlFor="username"
      >
        Username
      </label>
      <input
        autoComplete="username"
        className="appearance-none rounded-none relative block w-full px-3 py-2 border border-gray-300 placeholder-gray-500 text-gray-900 rounded-t-md focus:outline-none focus:ring-indigo-500 focus:border-indigo-500 focus:z-10 sm:text-sm"
        id="username"
        name="username"
        placeholder="Username"
        required={true}
        type="text"
      />
      <label
        className="sr-only"
        htmlFor="password"
      >
        Password
      </label>
      <input
        autoComplete="current-password"
        className="appearance-none rounded-none relative block w-full px-3 py-2 border border-gray-300 placeholder-gray-500 text-gray-900 rounded-t-md focus:outline-none focus:ring-indigo-500 focus:border-indigo-500 focus:z-10 sm:text-sm"
        id="password"
        name="password"
        placeholder="Password"
        required={true}
        type="password"
      />
    </div>
    <button
      className="group relative w-full flex justify-center py-2 px-4 border border-transparent text-sm font-medium rounded-md text-white bg-indigo-600 hover:bg-indigo-700 focus:outline-none focus:ring-2 focus:ring-offset-2 focus:ring-indigo-500"
      type="submit"
    >
      Sign in
    </button>
    <p
      className="mt-6 text-center text-3xl font-extrabold text-gray-900"
    />
  </form>
</div>
`;
